// Jest Snapshot v1, https://goo.gl/fbAQLP

exports[`>>>ConfirmSignIn --- Shallow Render REACT COMPONENTS renders correctly 1`] = `null`;
