// Jest Snapshot v1, https://goo.gl/fbAQLP

exports[`>>>SignUp --- Shallow Render REACT COMPONENTS renders correctly 1`] = `null`;
