// Jest Snapshot v1, https://goo.gl/fbAQLP

exports[`>>>AgeM --- Shallow Render REACT COMPONENTS renders correctly 1`] = `null`;
