// Jest Snapshot v1, https://goo.gl/fbAQLP

exports[`>>>MaleReport --- Shallow Render REACT COMPONENTS renders correctly 1`] = `null`;
