// Jest Snapshot v1, https://goo.gl/fbAQLP

exports[`>>>Report --- Shallow Render REACT COMPONENTS renders correctly 1`] = `null`;
