// Jest Snapshot v1, https://goo.gl/fbAQLP

exports[`>>>TrakSurvey --- Shallow Render REACT COMPONENTS renders correctly 1`] = `
<View
  style={
    Object {
      "flex": 1,
    }
  }
>
  <RCTWKWebView
    messagingEnabled={false}
    onLoadingError={[Function]}
    onLoadingFinish={[Function]}
    onLoadingStart={[Function]}
    onMessage={[Function]}
    onShouldStartLoadWithRequest={[Function]}
    source={
      Object {
        "uri": "https://trakfertility.tools/api/embed/quiz/3",
      }
    }
    style={
      Array [
        Object {
          "flex": 1,
        },
        Object {
          "backgroundColor": "#ffffff",
        },
        undefined,
        Object {
          "flex": 0,
          "height": 0,
        },
      ]
    }
  />
  <View
    style={
      Array [
        Object {
          "alignItems": "center",
          "alignSelf": "center",
          "flex": 1,
        },
        Object {
          "marginTop": 10,
        },
      ]
    }
  >
    <ActivityIndicator
      animating={true}
      color="#45D56E"
      hidesWhenStopped={true}
      size="large"
      style={
        Object {
          "height": 80,
        }
      }
    />
    <Text
      style={
        Object {
          "color": "#000",
          "fontFamily": "System",
          "fontSize": 16,
        }
      }
      uppercase={false}
    >
      Loading Trak Survey
    </Text>
  </View>
</View>
`;
